// Jest Snapshot v1, https://goo.gl/fbAQLP

exports[`Should render ExpenseList with expenses 1`] = `
<div>
  <ExpenseListItem
    amount={111}
    createdAt={0}
    description="Just"
    id="1"
    key="1"
    note=""
  />
  <ExpenseListItem
    amount={2220}
    createdAt={-345600000}
    description="Rent"
    id="2"
    key="2"
    note=""
  />
  <ExpenseListItem
    amount={33300}
    createdAt={345600000}
    description="Credit Card"
    id="3"
    key="3"
    note=""
  />
</div>
`;

exports[`Should render expenseList with empty message 1`] = `
<div>
  <p>
    No expenses
  </p>
</div>
`;
