// Jest Snapshot v1, https://goo.gl/fbAQLP

exports[`should render ExpenseListItem correctly 1`] = `
<Link
  className="list-item"
  to="/edit/1"
>
  <div>
    <h3
      className="list-item__title"
    >
      Just
    </h3>
    <span
      className="list-item__sub-title"
    >
      January 1st, 1970
    </span>
  </div>
  <div>
    <h3
      className="list-item__data"
    >
      $1.11
    </h3>
  </div>
</Link>
`;
